// Jest Snapshot v1, https://goo.gl/fbAQLP

exports[`<Loading /> renders correctly 1`] = `
<View
  style={
    Object {
      "flex": 1,
      "flexDirection": "column",
      "justifyContent": "center",
    }
  }
>
  <ActivityIndicator
    color="#007aff"
    size="large"
  />
</View>
`;
